--- Testing ActivityAnalyzer ---
Tags: [ 'feature', 'bugfix', 'docs' ]
Blockers: [ '[ERROR] Uncaught Exception: Error: ENOENT: no such file or...' ]
Is Low Confidence: false
Confidence Reason: 

--- Testing Short Session ---
Is Low Confidence: true
Confidence Reason: Total tracked time is only 5 minutes.

--- Testing Single File ---
Is Low Confidence: true
Confidence Reason: Only one file was touched during this period.
